Disk /dev/sde: 3 GiB, 3221225472 bytes, 786432 sectors
Disk model: KLUDG4U1EA-B0C1
Units: sectors of 1 * 4096 = 4096 bytes
Sector size (logical/physical): 4096 bytes / 4096 bytes
I/O size (minimum/optimal): 8192 bytes / 8192 bytes
Disklabel type: gpt
Disk identifier: CEB61EE4-C9D3-42C7-8C6E-27BFF6101E21
First usable LBA: 6
Last usable LBA: 786426
Alternative LBA: 786431
Partition entries starting LBA: 2
Allocated partition entries: 128
Partition entries ending LBA: 5

Device     Start   End Sectors Type-UUID                            UUID                                 Name        Attrs
/dev/sde1    256   383     128 D69E90A5-4CAB-0071-F6DF-AB977F141A7F 204D4324-BB5C-482C-AB53-C303E789EDDD aop_a       GUID:48,49,50,51,52,53,54,60
/dev/sde2    512  1023     512 A053AA7F-40B8-4B1C-BA08-2F68AC71A4F4 B9609EBE-8A2B-49DD-89B6-C7241E5948FC tz_a        GUID:48,49,50,51,52,53,54,60
/dev/sde3   1024  1151     128 E1A6A689-0C8D-4CC6-B4E8-55A4320FBD8A A54E6D99-DB34-43B0-BDA0-8B7FC5FA5714 hyp_a       GUID:48,49,50,51,52,53,54
/dev/sde4   1280  3327    2048 BD6928A1-4CE0-A038-4F3A-1495E3EDDFFB 79AC5058-9B1A-4A82-ABC2-067B24DD599A abl_a       GUID:48,49,50,51,52,53,54,60
/dev/sde5   3328  3455     128 A11D2A7C-D82A-4C2F-8A01-1805240E6626 FAF3BAF9-F0E4-4BB0-AF74-217B83124059 keymaster_a GUID:48,49,50,51,52,53,54,60
/dev/sde6   3584 19967   16384 20117F86-E985-4357-B9EE-374BC1D8487D 41888D5E-8E0F-4B5A-96FF-7BEA25C12CA1 boot_a      GUID:48,49,50,51,52,53,54
/dev/sde7  19968 20095     128 73471795-AB54-43F9-A847-4F72EA5CBEF5 10441CA7-406B-486B-BD82-857FB3A9CE01 cmnlib_a    GUID:48,49,50,51,52,53,54,60
/dev/sde8  20224 20351     128 8EA64893-1267-4A1B-947C-7C362ACAAD2C 85C46B7A-6F56-48E8-8473-4925BA1AC80B cmnlib64_a  GUID:48,49,50,51,52,53,54,60
/dev/sde9  20480 20511      32 F65D4B16-343D-4E25-AAFC-BE99B6556A6D BF5D32F1-C068-4ECC-BC67-0AB4356782C1 devcfg_a    GUID:48,50,54
/dev/sde10 20736 20751      16 21D1219F-2ED1-4AB4-930A-41A16AE75F7F A8A5DA31-6CC3-42F0-8DC6-429C1440E0C2 qupfw_a     GUID:48,49,50,51,52,53,54
/dev/sde11 20992 21007      16 4B7A15D6-322C-42AC-8110-88B7DA0C5D77 222D8BE9-60AD-4806-B421-9D7F1212A16F vbmeta_a    GUID:48,49,50,51,52,53,54,60
/dev/sde12 21248 23295    2048 77036CD4-03D5-42BB-8ED1-37E5A88BAA34 F7BA4EB0-8EE0-4F35-9F90-6E43E8F3AF41 dtbo_a      GUID:48,49,50,51,52,53,54
/dev/sde13 23296 23327      32 02DB45FE-AD1B-4CB6-AECC-0042C637DEFA 9AF638A3-6A93-410A-B9FE-9227910BFEAF storsec_a   GUID:50,54
/dev/sde14 23552 23552       1 65ADDCF4-0C5C-4D9A-AC2D-D90B5CBFCD03 9CE36DB3-01A2-4338-AD5C-7E04211087DA devinfo     GUID:60
/dev/sde15 23808 23808       1 77036CD4-03D5-42BB-8ED1-37E5A88BAA34 017360BE-3B4A-443E-923E-84A00BB13E99 boot_b      GUID:54
/dev/sde16 24064 26087    2024 0FC63DAF-8483-4772-8E79-3D69D8477DE4 4E2EF770-94FC-445C-9EE9-469306094370 reserve1
