Disk /dev/sda: 116.11 GiB, 124671492096 bytes, 30437376 sectors
Disk model: KLUDG4U1EA-B0C1
Units: sectors of 1 * 4096 = 4096 bytes
Sector size (logical/physical): 4096 bytes / 4096 bytes
I/O size (minimum/optimal): 4096 bytes / 4096 bytes
Disklabel type: gpt
Disk identifier: 5A170C25-3FE4-866E-85E9-7154538C9DD1
First usable LBA: 6
Last usable LBA: 31457274
Alternative LBA: 31457279
Partition entries starting LBA: 2
Allocated partition entries: 32
Partition entries ending LBA: 2

Device          Start      End  Sectors Type-UUID                            UUID                                 Name        Attrs
/dev/sda1           6        7        2 2C86E742-745E-4FDD-BFD8-B6A7AC638772 31FC8226-ACEB-8B78-019F-A7B985E14409 ssd
/dev/sda2           8     8199     8192 6C95E238-E343-4BA8-B489-8681ED22AD0B 8CF0E486-D0A8-7732-2416-2A8285DAB48C persist
/dev/sda3        8200     8455      256 82ACC91F-357C-4A68-9C8F-689E1B1A23A1 179E705F-69E7-B4F6-1868-3F640509F238 misc
/dev/sda4        8456     8711      256 6D679BAB-23C7-466E-90AC-A39897C15640 2EFD60EB-93C8-6154-019D-9BC46B0315DA param
/dev/sda5        8712     8839      128 DE7D4029-0F5B-41C8-AE7E-F6C023A02B33 8DF898D0-509C-B147-5096-92ACB3CE46C0 keystore
/dev/sda6        8840     8967      128 91B72D4D-71E0-4CBF-9B8E-236381CFF17A 52024D40-B6AF-2223-FF7D-7FAE6A08011D frp
/dev/sda7        8968    74503    65536 5594C694-C871-4B5F-90B1-690A6F68E0F7 9B85E9C7-1D72-67BE-2546-E3AD6DDCAC7B op2
/dev/sda8       74504    77063     2560 EBBEADAE-22C9-E33B-8F5D-0E81686A68CC E53B555F-0746-72F9-8930-E0A7E1EBB19E oem_dycnvbk
/dev/sda9       77064    79623     2560 0A288B1E-22C9-E33B-8F5D-0E81686A68CC 717405D5-2DCB-DDE2-B67F-36FD4C107CFA oem_stanvbk
/dev/sda10      79624    81647     2024 004A6838-062A-44DF-8152-4F340C052255 D7F83894-FB57-16E0-22DF-55B6DA07FA31 reserve1
/dev/sda11      81648    85695     4048 004A6838-062A-44DF-8152-4F340C052255 464BA2A8-0881-2932-DC06-717397FEF3CE reserve2
/dev/sda12      85696    85823      128 04377754-DE64-4ADB-852F-F01E702DF13B 80454441-ED7F-CB50-A47F-12D0E30E7D3C config
/dev/sda13      85824   817983   732160 77036CD4-03D5-42BB-8ED1-37E5A88BAA34 20BC2420-130D-640B-7472-286D30B7137D system_a    GUID:48,49,51,52,53,54
/dev/sda14     817984  1550143   732160 97D7B011-54DA-4835-B3C4-917AD6E73D74 E7505641-4AC1-CF0A-53C2-F640F90FDD04 system_b    GUID:48,49,50,51,52,53,54
/dev/sda15    1550144  1575743    25600 E4B6514E-2577-495D-A484-1A0C460C6101 31792BD7-B341-30EA-84D9-AA2A5A76F28D odm_a
/dev/sda16    1575744  1601343    25600 77036CD4-03D5-42BB-8ED1-37E5A88BAA34 2AC03DF0-3B99-E8FE-AAD3-582374EF28A9 odm_b       GUID:50
/dev/sda17    1601344 30437370 28836027 1B81E7E6-F50D-419B-A739-2AEEF8DA3335 D8E6753A-E694-66CC-F02F-D3030B86F5D2 userdata
