Disk /dev/sde: 3 GiB, 3221225472 bytes, 786432 sectors
Disk model: KLUDG4U1EA-B0C1
Units: sectors of 1 * 4096 = 4096 bytes
Sector size (logical/physical): 4096 bytes / 4096 bytes
I/O size (minimum/optimal): 8192 bytes / 8192 bytes
Disklabel type: gpt
Disk identifier: CEB61EE4-C9D3-42C7-8C6E-27BFF6101E21
First usable LBA: 6
Last usable LBA: 786426
Alternative LBA: 786431
Partition entries starting LBA: 2
Allocated partition entries: 96
Partition entries ending LBA: 4

Device         Start    End Sectors Type-UUID                            UUID                                 Name         Attrs
/dev/sde1          6    133     128 77036CD4-03D5-42BB-8ED1-37E5A88BAA34 4B11EF8C-0517-5C58-D809-1BC501B3D6E8 aop_a        GUID:48,49,51,52,53,54,60
/dev/sde2        134    645     512 77036CD4-03D5-42BB-8ED1-37E5A88BAA34 704D7C52-88A4-92AE-98AC-EB9B95464A97 tz_a         GUID:48,49,51,52,53,54,60
/dev/sde3        646    773     128 77036CD4-03D5-42BB-8ED1-37E5A88BAA34 839E8860-9633-4141-6CE5-AFE32E8AE5DF hyp_a        GUID:48,49,51,52,53,54
/dev/sde4        774  31493   30720 77036CD4-03D5-42BB-8ED1-37E5A88BAA34 2319B7D1-E53F-81A4-38EF-324A0197F41E modem_a      GUID:48,49,51,52,53,54,60
/dev/sde5      31494  31749     256 77036CD4-03D5-42BB-8ED1-37E5A88BAA34 600330D4-489F-7294-6664-73F3EE3B9204 bluetooth_a  GUID:48,49,51,52,53,54,60
/dev/sde6      31750  32773    1024 77036CD4-03D5-42BB-8ED1-37E5A88BAA34 15C99942-BC69-F965-5693-37064A7DF4D7 mdtpsecapp_a GUID:48,49,51,52,53,54,60
/dev/sde7      32774  40965    8192 77036CD4-03D5-42BB-8ED1-37E5A88BAA34 14E463B4-EB33-FA73-67CE-5933AD6ED406 mdtp_a       GUID:48,49,51,52,53,54,60
/dev/sde8      40966  43013    2048 77036CD4-03D5-42BB-8ED1-37E5A88BAA34 E8018D06-CCEC-0B02-C796-E917D312EB9A abl_a        GUID:48,49,51,52,53,54,60
/dev/sde9      43014  51205    8192 77036CD4-03D5-42BB-8ED1-37E5A88BAA34 60CD0E67-A578-259B-7914-1D7AFEF6A875 dsp_a        GUID:48,49,51,52,53,54,60
/dev/sde10     51206  51333     128 77036CD4-03D5-42BB-8ED1-37E5A88BAA34 22134079-85B5-6098-2C9B-C10F5F3312C1 keymaster_a  GUID:48,49,51,52,53,54,60
/dev/sde11     51334  67717   16384 77036CD4-03D5-42BB-8ED1-37E5A88BAA34 3D25947C-6165-3F9F-6C30-C9EE4B668B6F boot_a       GUID:48,49,52,53,54
/dev/sde12     67718  67845     128 77036CD4-03D5-42BB-8ED1-37E5A88BAA34 8DDAAD77-8E05-1ED8-7BF9-EFC5559C6AEC cmnlib_a     GUID:48,49,51,52,53,54,60
/dev/sde13     67846  67973     128 77036CD4-03D5-42BB-8ED1-37E5A88BAA34 2915BA9A-DAB2-FBE6-F1AC-D68F9BDEB751 cmnlib64_a   GUID:48,49,51,52,53,54,60
/dev/sde14     67974  68005      32 77036CD4-03D5-42BB-8ED1-37E5A88BAA34 E441BFA0-1B39-F5EE-E3CD-E47078856156 devcfg_a     GUID:48,49,51,52,53,54
/dev/sde15     68006  68021      16 77036CD4-03D5-42BB-8ED1-37E5A88BAA34 BC2DA2A4-D40E-D5B9-5F9A-D04BA1F0F589 qupfw_a      GUID:48,49,51,52,53,54
/dev/sde16     68022 330165  262144 77036CD4-03D5-42BB-8ED1-37E5A88BAA34 081BE6EF-530C-C344-E629-6DF659978685 vendor_a     GUID:48,49,51,52,53,54
/dev/sde17    330166 330181      16 77036CD4-03D5-42BB-8ED1-37E5A88BAA34 5F4A2CCE-02AE-7DF2-F214-498643F8E373 vbmeta_a     GUID:48,49,51,52,53,54,60
/dev/sde18    330182 332229    2048 77036CD4-03D5-42BB-8ED1-37E5A88BAA34 C9E78AD8-A679-F306-A6E8-84D41F2E7876 dtbo_a       GUID:48,49,51,52,53,54
/dev/sde19    332230 332261      32 02DB45FE-AD1B-4CB6-AECC-0042C637DEFA 345C4899-3B2C-E6EA-9D2B-B8248E2FFD65 storsec_a
/dev/sde20    332262 336357    4096 9AD51E4D-3088-43EA-8EC7-991AD619F88E 8C5FAD65-1077-BDFE-9130-F7F799816E2A LOGO_a
/dev/sde21    336358 336869     512 9846625A-FE09-425B-A08F-2BF5F1F8D838 DA959F57-61DF-2F78-AC94-9E0A1DDFAC2B fw_4j1ed_a
/dev/sde22    336870 337381     512 9846625A-FE09-425B-A08F-2BF5F1F8D839 5C037CE7-8B1F-F4B0-2E05-47D6BF6C0986 fw_4u1ea_a
/dev/sde23    337382 337893     512 9846625A-FE09-425B-A08F-2BF5F1F8D83A 65B19E9B-58FC-1175-8C34-5E5D1D937E0E fw_ufs3_a
/dev/sde24    337894 338405     512 9846625A-FE09-425B-A08F-2BF5F1F8D83B EFD6E3C3-1ADD-1103-8EED-BBBA31ED8265 fw_ufs4_a
/dev/sde25    338406 338917     512 9846625A-FE09-425B-A08F-2BF5F1F8D83C DE3E1BDD-E8FB-3D68-38D8-720C1701658A fw_ufs5_a
/dev/sde26    338918 339429     512 9846625A-FE09-425B-A08F-2BF5F1F8D83D 6AB057C0-A425-E7F3-6A80-F75FC3161DAA fw_ufs6_a
/dev/sde27    339430 339941     512 9846625A-FE09-425B-A08F-2BF5F1F8D83E 232898BE-6B19-B233-9271-77F25CDB9692 fw_ufs7_a
/dev/sde28    339942 340453     512 9846625A-FE09-425B-A08F-2BF5F1F8D83F 31B32D81-4ABE-3C5F-5747-65AA0CE75E7B fw_ufs8_a
/dev/sde29    340454 340581     128 D69E90A5-4CAB-0071-F6DF-AB977F141A7F 03AC40BF-5D1E-501C-098A-31E34B521CF6 aop_b        GUID:48,49,50,51,52,53,54
/dev/sde30    340582 341093     512 A053AA7F-40B8-4B1C-BA08-2F68AC71A4F4 A39581E8-C048-31B0-35A5-F32F1C645530 tz_b         GUID:48,49,50,51,52,53,54
/dev/sde31    341094 341221     128 E1A6A689-0C8D-4CC6-B4E8-55A4320FBD8A 6290AC79-CA04-DA4A-B06B-26CECB342610 hyp_b        GUID:48,49,50,51,52,53,54
/dev/sde32    341222 371941   30720 EBD0A0A2-B9E5-4433-87C0-68B6B72699C7 B1CDF31B-26A1-04AA-ECAE-85D43BBE83B9 modem_b      GUID:48,49,50,51,52,53,54,60
/dev/sde33    371942 372197     256 6CB747F1-C2EF-4092-ADD0-CA39F79C7AF4 8FDEB254-0FF6-D31F-444B-FEC25D106C39 bluetooth_b  GUID:48,49,50,51,52,53,54,60
/dev/sde34    372198 373221    1024 EA02D680-8712-4552-A3BE-E6087829C1E6 EFDCDE10-407A-EC22-419B-4372226B2805 mdtpsecapp_b GUID:48,49,50,51,52,53,54,60
/dev/sde35    373222 381413    8192 3878408A-E263-4B67-B878-6340B35B11E3 BAAE575F-C92D-BFF9-4248-81C8030BB36D mdtp_b       GUID:48,49,50,51,52,53,54,60
/dev/sde36    381414 383461    2048 BD6928A1-4CE0-A038-4F3A-1495E3EDDFFB 59105057-D425-E599-30EF-E3A6E6AE076D abl_b        GUID:48,49,50,51,52,53,54,60
/dev/sde37    383462 391653    8192 7EFE5010-2A1A-4A1A-B8BC-990257813512 55B16DB4-0FF0-D90E-001F-F839FE0F324D dsp_b        GUID:48,49,50,51,52,53,54,60
/dev/sde38    391654 391781     128 A11D2A7C-D82A-4C2F-8A01-1805240E6626 120B2C20-30AD-9301-172F-6BCC48751B89 keymaster_b  GUID:48,49,50,51,52,53,54,60
/dev/sde39    391782 408165   16384 20117F86-E985-4357-B9EE-374BC1D8487D 9F25D82C-C085-39E2-BE4F-4A8A7121D484 boot_b       GUID:48,49,50,52,53,54
/dev/sde40    408166 408293     128 73471795-AB54-43F9-A847-4F72EA5CBEF5 A1D23840-E2AC-1EC1-76CA-A0408B110F23 cmnlib_b     GUID:48,49,50,51,52,53,54,60
/dev/sde41    408294 408421     128 8EA64893-1267-4A1B-947C-7C362ACAAD2C E4FE05A6-6EF0-C256-7B52-066AFBE88838 cmnlib64_b   GUID:48,49,50,51,52,53,54,60
/dev/sde42    408422 408453      32 F65D4B16-343D-4E25-AAFC-BE99B6556A6D AAD4CD7A-6449-9A4E-2797-982B499D312E devcfg_b     GUID:48,49,50,51,52,53,54
/dev/sde43    408454 408469      16 21D1219F-2ED1-4AB4-930A-41A16AE75F7F A270F33D-623D-2F07-60D8-FB132F34AB1D qupfw_b      GUID:48,49,50,51,52,53,54
/dev/sde44    408470 670613  262144 97D7B011-54DA-4835-B3C4-917AD6E73D74 10D968AE-A162-39A5-8055-052DC05DF2E2 vendor_b     GUID:48,49,50,51,52,53,54
/dev/sde45    670614 670629      16 4B7A15D6-322C-42AC-8110-88B7DA0C5D77 C4DC3735-E477-34E9-9ACF-62B92D8F6A70 vbmeta_b     GUID:48,49,50,51,52,53,54,60
/dev/sde46    670630 672677    2048 24D0D418-D31D-4D8D-AC2C-4D4305188450 42688BAA-1237-E14A-F444-4488C75DE32F dtbo_b       GUID:48,49,50,51,52,53,54
/dev/sde47    672678 672709      32 77036CD4-03D5-42BB-8ED1-37E5A88BAA34 2D1EC461-B071-4191-518A-C2208E59CDC7 storsec_b    GUID:50
/dev/sde48    672710 676805    4096 77036CD4-03D5-42BB-8ED1-37E5A88BAA34 E958FAC7-8140-8FDE-3E61-2FD25119EADD LOGO_b       GUID:50
/dev/sde49    676806 677317     512 77036CD4-03D5-42BB-8ED1-37E5A88BAA34 9C631264-E90F-DAFA-7F40-E3F64863EF8C fw_4j1ed_b   GUID:50
/dev/sde50    677318 677829     512 77036CD4-03D5-42BB-8ED1-37E5A88BAA34 6C6D6885-5531-8557-0A75-5476B10D043A fw_4u1ea_b   GUID:50
/dev/sde51    677830 678341     512 77036CD4-03D5-42BB-8ED1-37E5A88BAA34 D786391B-B4F0-6DC4-C59F-32EC5CDD82D2 fw_ufs3_b    GUID:50
/dev/sde52    678342 678853     512 77036CD4-03D5-42BB-8ED1-37E5A88BAA34 7716DBAA-6B99-3765-DD94-5F6820A79959 fw_ufs4_b    GUID:50
/dev/sde53    678854 679365     512 77036CD4-03D5-42BB-8ED1-37E5A88BAA34 F2EDDE0E-7AC9-5C9E-C2B9-D8CC9BEBB36A fw_ufs5_b    GUID:50
/dev/sde54    679366 679877     512 77036CD4-03D5-42BB-8ED1-37E5A88BAA34 7055BD6B-284E-9EB1-A644-5DC71CE8DBFC fw_ufs6_b    GUID:50
/dev/sde55    679878 680389     512 77036CD4-03D5-42BB-8ED1-37E5A88BAA34 83191F39-3D2B-7386-0EED-27909536E0BC fw_ufs7_b    GUID:50
/dev/sde56    680390 680901     512 77036CD4-03D5-42BB-8ED1-37E5A88BAA34 D19276A0-ECEA-5CA4-8ECA-024A6236FF1F fw_ufs8_b    GUID:50
/dev/sde57    680902 706501   25600 961743CA-BD08-48D5-BD8C-25EFEB7C7AC2 4F824981-0C19-0545-F9E0-C06322123748 minidump
/dev/sde58    706502 722885   16384 CA98971A-A88F-4342-BC74-58D1B639B636 B1C871CB-CE89-3C19-2D68-AFB16E03F932 boot_aging   GUID:60
/dev/sde59    722886 748485   25600 D1E30BCB-7D78-4FB6-B598-55FC4892644C D1D85804-851C-F94C-B398-3EA1E13158CE op1
/dev/sde60    748486 748489       4 303E6AC3-AF15-4C54-9E9B-D9A8FBECF401 79C6E563-EFBA-DE55-E768-83EF07DE9CD1 sec          GUID:60
/dev/sde61    748490 748490       1 65ADDCF4-0C5C-4D9A-AC2D-D90B5CBFCD03 8C87EB02-2B52-4035-44BF-2B6C17BCC803 devinfo      GUID:60
/dev/sde62    748491 748746     256 4114B077-005D-4E12-AC8C-B493BDA684FB EC1207F9-47F4-963A-F393-0D3DC7165EEA dip          GUID:60
/dev/sde63    748747 748810      64 E6E98DA2-E22A-4D12-AB33-169E7DEAA507 5324F2C4-087D-B1C5-3E56-055B61C53CE5 apdp
/dev/sde64    748811 748874      64 ED9E8101-05FA-46B7-82AA-8D58770D200B A9D211F0-AB5A-B32E-7232-5C4799332286 msadp
/dev/sde65    748875 750922    2048 E42E2B4C-33B0-429B-B1EF-D341C547022C 25D983FC-9834-0DF7-ED9A-B794C92F8B02 spunvm
/dev/sde66    750923 759278    8356 AD99F201-DC71-4E30-9630-E19EEF553D1B B233299A-9B3D-3572-02D7-379B89AC30A4 splash
/dev/sde67    759279 759279       1 10A0C19C-516A-5444-5CE3-664C3226A794 BE2B2C21-EF7D-8387-EE2C-F21D6A4B53C2 limits       GUID:60
/dev/sde68    759280 759535     256 97745ABA-135A-44C3-9ADC-05616173C24C F2EA6C96-668C-6268-49C2-C5B1DB1DBF95 toolsfv      GUID:60
/dev/sde69    759536 761583    2048 BC0330EB-3410-4951-A617-03898DBE3372 A32BA23F-FB91-99FC-28DF-AA2D14274574 logfs
/dev/sde70    761584 762095     512 AA9A5C4C-4F1F-7D3A-014A-22BD33BF7191 9B8000F6-D67F-2D99-A847-34A90B3C0C86 sti
/dev/sde71    762096 778479   16384 5AF80809-AABB-4943-9168-CDFC38742598 32C7014D-73E1-B486-7E82-90B715C5F5AC logdump
/dev/sde72    778480 778991     512 17911177-C9E6-4372-933C-804B678E666F 12CE4633-0D6E-6907-8619-13F3D7BD645E ImageFv
/dev/sde73    778992 786426    7435 00000000-0000-0000-0000-000000000000 D3B272A8-E721-CFB2-4A2E-2B43863DEAB7 last_parti   GUID:60
